[INFO] Scanning for projects...
[INFO] 
[INFO] --------------------------< com.example:demo >--------------------------
[INFO] Building demo.holamundo 0.0.1-SNAPSHOT
[INFO] --------------------------------[ jar ]---------------------------------
[INFO] 
[INFO] --- maven-resources-plugin:3.3.1:resources (default-resources) @ demo ---
[INFO] Copying 1 resource from src\main\resources to target\classes
[INFO] Copying 9 resources from src\main\resources to target\classes
[INFO] 
[INFO] --- maven-compiler-plugin:3.13.0:compile (default-compile) @ demo ---
[INFO] Recompiling the module because of changed source code.
[INFO] Compiling 15 source files with javac [debug parameters release 17] to target\classes
[INFO] -------------------------------------------------------------
[ERROR] COMPILATION ERROR : 
[INFO] -------------------------------------------------------------
[ERROR] /C:/demo/src/main/java/com/example/demo/ImagenCarrusel.java:[39,34] cannot find symbol
  symbol:   variable id
  location: class com.example.demo.ImagenCarrusel
[ERROR] /C:/demo/src/main/java/com/example/demo/ImagenCarrusel.java:[40,38] cannot find symbol
  symbol: variable id
[INFO] 2 errors 
[INFO] -------------------------------------------------------------
[INFO] ------------------------------------------------------------------------
[INFO] BUILD FAILURE
[INFO] ------------------------------------------------------------------------
[INFO] Total time:  5.825 s
[INFO] Finished at: 2026-03-23T17:42:01-06:00
[INFO] ------------------------------------------------------------------------
[ERROR] Failed to execute goal org.apache.maven.plugins:maven-compiler-plugin:3.13.0:compile (default-compile) on project demo: Compilation failure: Compilation failure: 
[ERROR] /C:/demo/src/main/java/com/example/demo/ImagenCarrusel.java:[39,34] cannot find symbol
[ERROR]   symbol:   variable id
[ERROR]   location: class com.example.demo.ImagenCarrusel
[ERROR] /C:/demo/src/main/java/com/example/demo/ImagenCarrusel.java:[40,38] cannot find symbol
[ERROR]   symbol: variable id
[ERROR] -> [Help 1]
[ERROR] 
[ERROR] To see the full stack trace of the errors, re-run Maven with the -e switch.
[ERROR] Re-run Maven using the -X switch to enable full debug logging.
[ERROR] 
[ERROR] For more information about the errors and possible solutions, please read the following articles:
[ERROR] [Help 1] http://cwiki.apache.org/confluence/display/MAVEN/MojoFailureException
